../Core/Src/main.cpp:76:6:void HAL_TIM_PeriodElapsedCallback(TIM_HandleTypeDef*)	16	static
../Core/Src/main.cpp:92:5:int main()	8	static
../Core/Src/main.cpp:151:6:void SystemClock_Config()	88	static
../Core/Src/main.cpp:198:13:void MX_ADC1_Init()	24	static
../Core/Src/main.cpp:250:13:void MX_ADC2_Init()	24	static
../Core/Src/main.cpp:302:13:void MX_SPI1_Init()	8	static
../Core/Src/main.cpp:340:13:void MX_TIM2_Init()	32	static
../Core/Src/main.cpp:385:13:void MX_USART2_UART_Init()	8	static
../Core/Src/main.cpp:418:13:void MX_USART3_UART_Init()	8	static
../Core/Src/main.cpp:451:13:void MX_GPIO_Init()	40	static
../Core/Src/main.cpp:490:6:void Error_Handler()	4	static,ignoring_inline_asm
