../Core/Src/main.cpp:73:6:void HAL_TIM_PeriodElapsedCallback(TIM_HandleTypeDef*)	16	static
../Core/Src/main.cpp:89:5:int main()	16	static
../Core/Src/main.cpp:147:6:void SystemClock_Config()	88	static
../Core/Src/main.cpp:194:13:void MX_ADC1_Init()	24	static
../Core/Src/main.cpp:246:13:void MX_ADC2_Init()	24	static
../Core/Src/main.cpp:298:13:void MX_TIM2_Init()	32	static
../Core/Src/main.cpp:343:13:void MX_USART2_UART_Init()	8	static
../Core/Src/main.cpp:376:13:void MX_USART3_UART_Init()	8	static
../Core/Src/main.cpp:409:13:void MX_GPIO_Init()	40	static
../Core/Src/main.cpp:452:6:void Error_Handler()	4	static,ignoring_inline_asm
